[backblue.gif]
[fade.gif]
[index.html]
[connectionpoint4u.com/index.html]
[connectionpoint4u.com/favicon.ico]
[ajax.googleapis.com/ajax/libs/jquery/1.7.2/jquery.min.js]
[cdn.mybridgeelement.com/js/jCarouselLite.js]
[cdn.mybridgeelement.com/js/jquery.innerfade.js]
[cdn.mybridgeelement.com/js/main_cornerstone.js]
[cdn.mybridgeelement.com/js/modernizr-2.0.6.min.js]
[connectionpoint4u.com/cms-assets/zoom-cropped-images/464535_165_logo-image84a8.png]
[www.google-analytics.com/analytics.js]
[connectionpoint4u.com/cms-assets/zoom-cropped-images/464535_174_e8c4cd99ff.jpg]
[en.facebookbrand.com/wp-content/uploads/2016/05/FB-fLogo-Blue-broadcast-2.png]
[connectionpoint4u.com/cms-assets/images/464444.igglyphfill.png]
[connectionpoint4u.com/_connectp/cms-assets/images/980189.youtube.png]
[cdn.mybridgeelement.com/_cornerstone/BG.jpg]
[cdn.mybridgeelement.com/_cornerstone/main.css]
[cdn.mybridgeelement.com/_cornerstone/diag-bg.png]
[cdn.mybridgeelement.com/_cornerstone/divider-vertical.png]
[cdn.mybridgeelement.com/_cornerstone/media.css]
[cdn.mybridgeelement.com/_cornerstone/scroll-arrows.png]
[cdn.mybridgeelement.com/_cornerstone/BE-slider.png]
[cdn.mybridgeelement.com/_cornerstone/media/mediaelementplayer.min.css]
[connectionpoint4u.com/css/style.css]
[connectionpoint4u.com/js/jquery-1.6.2.min.html]
[connectionpoint4u.com/index-2.html]
[cdn.mybridgeelement.com/_cornerstone/Mask.png]
[cdn.mybridgeelement.com/_cornerstone/MaskContent.png]
[cdn.mybridgeelement.com/_cornerstone/menu-category-bg.png]
[cdn.mybridgeelement.com/_cornerstone/bullet-arrows.png]
[connectionpoint4u.com/whattoexpect.html]
[cdn.mybridgeelement.com/_cornerstone/icon-cloud.png]
[cdn.mybridgeelement.com/_cornerstone/callendar-events.png]
[cdn.mybridgeelement.com/_cornerstone/icon-testimonial.png]
[cdn.mybridgeelement.com/_cornerstone/media/media_slice.png]
[connectionpoint4u.com/staff.html]
[cdn.mybridgeelement.com/_cornerstone/media/controls.png]
[connectionpoint4u.com/beliefs.html]
[connectionpoint4u.com/cms-assets/images/832891.coffee-and-donuts.jpg]
[connectionpoint4u.com/cms-assets/zoom-cropped-images/464537_42_staff-imaged4b0.jpg]
[connectionpoint4u.com/location2014.html]
[connectionpoint4u.com/cms-assets/zoom-cropped-images/512213_6_e6ca51baeb.png]
[connectionpoint4u.com/kids.html]
[connectionpoint4u.com/_connectp/smallgroups.html]
[connectionpoint4u.com/_connectp/favicon.ico]
[connectionpoint4u.com/vision.html]
[connectionpoint4u.com/smallgroups.html]
[connectionpoint4u.com/salvation.html]
[connectionpoint4u.com/cms-assets/images/310341.cgroups-web.jpg]
[connectionpoint4u.com/cms-assets/zoom-cropped-images/649834_1_e6ca51c124.png]
[connectionpoint4u.com/cms-assets/images/779833.salvation.page.png]
[connectionpoint4u.com/baptism.html]
[connectionpoint4u.com/cms-assets/images/488454.nextstep.baptism.jpg]
[connectionpoint4u.com/_connectp/serving.html]
[connectionpoint4u.com/cms-assets/images/129924.connect-and-serve.png]
[connectionpoint4u.com/media.html]
[connectionpoint4u.com/cms-assets/zoom-cropped-images/464544_94_e8fb9e3cf7.jpg]
[connectionpoint4u.com/cms-assets/images/966903.itsok1665.png]
[connectionpoint4u.com/contactpage.html]
[connectionpoint4u.com/cms-assets/images/178293.90sce9e.jpg]
[connectionpoint4u.com/cms-assets/images/493461.engage-mediaabb8.png]
[connectionpoint4u.com/_connectp/takesonetonoone.html]
[connectionpoint4u.com/cms-assets/zoom-cropped-images/464544_88_e8fb9e8865.jpg]
[connectionpoint4u.com/cms-assets/zoom-cropped-images/464544_89_edc72b0dee.png]
[connectionpoint4u.com/_connectp/head.html]
[connectionpoint4u.com/cms-assets/zoom-cropped-images/464544_83_e8fb9e13fa.png]
[connectionpoint4u.com/cms-assets/zoom-cropped-images/464544_81_e13866670f2413cc.jpg]
[cdn.mybridgeelement.com/_cornerstone/images/doublequote.html]
[connectionpoint4u.com/cms-assets/zoom-cropped-images/464544_77_e8fb9ea26f.png]
[connectionpoint4u.com/cms-assets/zoom-cropped-images/464544_75_e8fb9eae2b.jpg]
[cdn.mybridgeelement.com/_cornerstone/images/sub-content-bg.html]
[connectionpoint4u.com/cms-assets/zoom-cropped-images/464544_72_e8fb9e166b.jpg]
[connectionpoint4u.com/cms-assets/zoom-cropped-images/464544_71_e8fb9eeb33.jpg]
[cdn.mybridgeelement.com/_cornerstone/images/dropcap.html]
[connectionpoint4u.com/cms-assets/zoom-cropped-images/587345_11_e8fb9edf45.jpg]
[connectionpoint4u.com/cms-assets/zoom-cropped-images/464544_67_e8fb9e8821.jpg]
[cdn.mybridgeelement.com/_cornerstone/js/misc/PIE.html]
[connectionpoint4u.com/cms-assets/images/809419.change.series1d41.jpg]
[connectionpoint4u.com/cms-assets/zoom-cropped-images/464544_65_e2c87eb88f.jpg]
[cdn.mybridgeelement.com/_cornerstone/images/thumb-90x90.html]
[connectionpoint4u.com/cms-assets/images/404042.woeaihfsmalleac9.jpg]
[connectionpoint4u.com/cms-assets/images/232934.mmsmalld497.jpg]
[cdn.mybridgeelement.com/_cornerstone/images/thumb-64x64.html]
[connectionpoint4u.com/cms-assets/images/511518.hhbsmall4d9c.jpg]
[connectionpoint4u.com/cms-assets/images/373312.insecuritysmall5e36.jpg]
[cdn.mybridgeelement.com/_cornerstone/images/menu-2col-bg-462x162.html]
[connectionpoint4u.com/cms-assets/images/638541.christmassmall57df.jpg]
[connectionpoint4u.com/_connectp/cms-assets/images/571872.remembersmall0885.jpg]
[cdn.mybridgeelement.com/_cornerstone/images/thumb-614x270.html]
[connectionpoint4u.com/_connectp/cms-assets/images/520450.itmsmallbd32.jpg]
[connectionpoint4u.com/_connectp/cms-assets/images/786896.mismallf11e.jpg]
[cdn.mybridgeelement.com/_cornerstone/images/menu-3col-bg-298x122.html]
[connectionpoint4u.com/_connectp/cms-assets/images/457394.soapsmall1171.jpg]
[connectionpoint4u.com/_connectp/cms-assets/images/746696.freedomsmall7267.jpg]
[cdn.mybridgeelement.com/_cornerstone/images/menu-4col-bg-203-122.html]
[connectionpoint4u.com/_connectp/cms-assets/images/977373.godisenough-smallf5af.jpg]
[connectionpoint4u.com/_connectp/cms-assets/images/517990.moneytalkssmallf84a.jpg]
[cdn.mybridgeelement.com/_cornerstone/images/thumb-78x78.html]
[connectionpoint4u.com/_connectp/cms-assets/images/822957.gods-not-deadsmallf9f1.jpg]
[connectionpoint4u.com/_connectp/cms-assets/images/863312.invitationsmall5ddc.jpg]
[cdn.mybridgeelement.com/_cornerstone/images/comment-border-left-right.html]
[connectionpoint4u.com/_connectp/cms-assets/images/736204.life-hype3f35.jpg]
[connectionpoint4u.com/_connectp/cms-assets/images/271127.broken-346x1468df2.jpg]
[cdn.mybridgeelement.com/_cornerstone/images/comment-border-top.html]
[connectionpoint4u.com/_connectp/cms-assets/images/26900.noresolutions4ed6.jpg]
[connectionpoint4u.com/_connectp/cms-assets/images/159613.proof.eyeglass8ec8.jpg]
[cdn.mybridgeelement.com/_cornerstone/images/comment-border-bottom.html]
[connectionpoint4u.com/_connectp/cms-assets/images/69177.connect9136.jpg]
[connectionpoint4u.com/media/91513sermon.mp3]
[connectionpoint4u.com/_connectp/cms-assets/images/44248.startswu.climb9a84.jpg]
[connectionpoint4u.com/media/sermon91313.mp3]
[cdn.mybridgeelement.com/_cornerstone/images/comment-arrow.html]
[connectionpoint4u.com/_connectp/cms-assets/images/991135.yourfutureisforward86fb.jpg]
[connectionpoint4u.com/_connectp/cms-assets/images/521920.leadersconnecta962.jpg]
[cdn.mybridgeelement.com/_cornerstone/images/comment-replay-border-left-right.html]
[connectionpoint4u.com/cms-assets/zoom-cropped-images/682448_1_e9135bd19c.jpg]
[connectionpoint4u.com/_connectp/media/010817takesonetonoone.mp3]
[connectionpoint4u.com/_connectp/css/media/listen.jpg]
[cdn.mybridgeelement.com/_cornerstone/images/categorie-list-bg.html]
[connectionpoint4u.com/_connectp/css/media/download.jpg]
[connectionpoint4u.com/_connectp/css/media/notes.jpg]
[connectionpoint4u.com/_connectp/css/media/transcript.jpg]
[connectionpoint4u.com/_connectp/media/011517takesonetonoone.mp3]
[cdn.mybridgeelement.com/_cornerstone/images/thumb-150x150.html]
[connectionpoint4u.com/_connectp/media/takesonetonoone012217.mp3]
[connectionpoint4u.com/_connectp/media/takesonetonoone012917.mp3]
[connectionpoint4u.com/cms-assets/zoom-cropped-images/678512_1_e9135b1635.jpg]
[connectionpoint4u.com/_connectp/media/111316head.mp3]
[cdn.mybridgeelement.com/_cornerstone/media/bigplay.html]
[connectionpoint4u.com/_connectp/media/112016head.mp3]
[connectionpoint4u.com/_connectp/media/112716head.mp3]
[connectionpoint4u.com/_connectp/media/120416head.mp3]
[cdn.mybridgeelement.com/_cornerstone/media/background.html]
[cdn.mybridgeelement.com/_cornerstone/media/loading.html]
[connectionpoint4u.com/_connectp/cms-assets/zoom-cropped-images/464539_1_e5af7d57b0.html]
[connectionpoint4u.com/_connectp/css/style.css]
[connectionpoint4u.com/_connectp/js/jquery-1.6.2.min.html]
[connectionpoint4u.com/_connectp/index.html]
[connectionpoint4u.com/_connectp/whattoexpect.html]
[connectionpoint4u.com/_connectp/staff.html]
[connectionpoint4u.com/_connectp/beliefs.html]
[connectionpoint4u.com/_connectp/location2014.html]
[connectionpoint4u.com/_connectp/vision.html]
[connectionpoint4u.com/_connectp/salvation.html]
[connectionpoint4u.com/_connectp/baptism.html]
[connectionpoint4u.com/_connectp/media/91513sermon.mp3]
[connectionpoint4u.com/_connectp/media/sermon91313.mp3]
[connectionpoint4u.com/_connectp/media.html]
[connectionpoint4u.com/_connectp/contactpage.html]
[connectionpoint4u.com/cms-assets/zoom-cropped-images/695742_1_e9135b51c1.jpg]
[connectionpoint4u.com/_connectp/media/makewar061117.mp3]
[connectionpoint4u.com/_connectp/media/makewar061817.mp3]
[connectionpoint4u.com/_connectp/media/makewar062517.mp3]
[connectionpoint4u.com/_connectp/media/makewar070217.mp3]
[connectionpoint4u.com/_connectp/media/makewar070917.mp3]
[connectionpoint4u.com/_connectp/media/makewar071617.mp3]
[connectionpoint4u.com/_connectp/make-war.html]
[connectionpoint4u.com/_connectp/itsoktonotbeok.html]
[connectionpoint4u.com/cms-assets/images/966903.itsoke4f2.png]
[connectionpoint4u.com/_connectp/media/itsoktonotbeok041617.mp3]
[connectionpoint4u.com/_connectp/media/itsoktonotbeok042317.mp3]
[connectionpoint4u.com/_connectp/media/itsoktonotbeok043017.mp3]
[connectionpoint4u.com/cms-assets/images/178293.90sb02c.jpg]
[connectionpoint4u.com/_connectp/media/ilovethe90s030517.mp3]
[connectionpoint4u.com/_connectp/media/ilovethe90s031217.mp3]
[connectionpoint4u.com/_connectp/ilovethe90s.html]
[connectionpoint4u.com/_connectp/media/ilovethe90s032617.mp3]
[connectionpoint4u.com/_connectp/media/ilovethe90s040217.mp3]
[connectionpoint4u.com/_connectp/media/ilovethe90s040917.mp3]
[connectionpoint4u.com/_connectp/engage.html]
[connectionpoint4u.com/cms-assets/images/493461.engage-mediabba4.png]
[connectionpoint4u.com/_connectp/media/engage020517.mp3]
[connectionpoint4u.com/_connectp/media/engage021217.mp3]
[connectionpoint4u.com/_connectp/media/engage021917.mp3]
[connectionpoint4u.com/_connectp/newyears2017.html]
[connectionpoint4u.com/_connectp/media/engage022617.mp3]
[connectionpoint4u.com/cms-assets/zoom-cropped-images/682449_1_e9135b8045.png]
[connectionpoint4u.com/_connectp/media/010117newyears.mp3]
[connectionpoint4u.com/_connectp/breathe.html]
[connectionpoint4u.com/cms-assets/zoom-cropped-images/676044_1_e9135bc259.png]
[connectionpoint4u.com/_connectp/media/101616breathe.mp3]
[connectionpoint4u.com/_connectp/media/103016breathe.mp3]
[connectionpoint4u.com/_connectp/media/110616breathe.mp3]
[connectionpoint4u.com/cms-assets/zoom-cropped-images/672935_10_e9135b722d.jpg]
[connectionpoint4u.com/_connectp/media/091116detox.mp3]
[connectionpoint4u.com/cms-assets/documents/253962-128329.detox1.discuss.docx]
[connectionpoint4u.com/_connectp/media/091816detox.mp3]
[connectionpoint4u.com/_connectp/detox.html]
[connectionpoint4u.com/_connectp/media/092516detox.mp3]
[connectionpoint4u.com/cms-assets/documents/255089-384373.detox.body.cgroup-discuss.docx]
[connectionpoint4u.com/_connectp/media/100216detox.mp3]
[connectionpoint4u.com/cms-assets/documents/255512-800198.detox.cgroup-discuss.-part-4.docx]
[connectionpoint4u.com/_connectp/weare.html]
[connectionpoint4u.com/cms-assets/zoom-cropped-images/670389_1_e9135bed74.png]
[connectionpoint4u.com/_connectp/media/weare080716.mp3]
[connectionpoint4u.com/_connectp/media/weare081416.mp3]
[connectionpoint4u.com/_connectp/media/weare082116.mp3]
[connectionpoint4u.com/_connectp/media/weare082816.mp3]
[connectionpoint4u.com/_connectp/media/weare090416.mp3]
[connectionpoint4u.com/cms-assets/zoom-cropped-images/666644_1_e9135bcc69.jpg]
[connectionpoint4u.com/_connectp/media/noah060516.mp3]
[connectionpoint4u.com/_connectp/media/esther061216.mp3]
[connectionpoint4u.com/_connectp/runningwithgiants.html]
[connectionpoint4u.com/_connectp/media/moses062616.mp3]
[connectionpoint4u.com/_connectp/media/joshua070316.mp3]
[connectionpoint4u.com/_connectp/media/david071016.mp3]
[connectionpoint4u.com/_connectp/media/paul072616.mp3]
[connectionpoint4u.com/_connectp/audaciousfaith.html]
[connectionpoint4u.com/_connectp/media/jesus073116.mp3]
[connectionpoint4u.com/cms-assets/zoom-cropped-images/662395_1_e9135b1c22.jpg]
[connectionpoint4u.com/_connectp/media/050816faith.mp3.mp3]
[connectionpoint4u.com/_connectp/christianatheist.html]
[connectionpoint4u.com/cms-assets/zoom-cropped-images/658173_2_e9135b08d0.jpg]
[connectionpoint4u.com/_connectp/media/040316catheist.mp3]
[connectionpoint4u.com/_connectp/media/041016catheist2.mp3]
[connectionpoint4u.com/_connectp/media/041716catheist.mp3]
[connectionpoint4u.com/_connectp/media/042416catheist.mp3]
[connectionpoint4u.com/prayerandfasting.html]
[connectionpoint4u.com/cms-assets/zoom-cropped-images/654568_1_e9135bf7f7.jpg]
[connectionpoint4u.com/media/030616prayer.mp3]
[connectionpoint4u.com/css/media/listen.jpg]
[connectionpoint4u.com/css/media/download.jpg]
[connectionpoint4u.com/css/media/notes.jpg]
[connectionpoint4u.com/media/031316prayer.mp3]
[connectionpoint4u.com/media/032016prayer.mp3]
[connectionpoint4u.com/media/032716easter.mp3]
[connectionpoint4u.com/stuck.html]
[connectionpoint4u.com/css/media/mediaelement-and-player.min.js]
[connectionpoint4u.com/cms-assets/zoom-cropped-images/650197_2_e9135b8f41.jpg]
[connectionpoint4u.com/media/020716stuck.mp3]
[connectionpoint4u.com/media/021416stuck.mp3]
[connectionpoint4u.com/media/022116stuck.mp3]
[connectionpoint4u.com/media/022816stuck.mp3]
[connectionpoint4u.com/change.html]
[connectionpoint4u.com/cms-assets/zoom-cropped-images/650198_1_e9135b597c.jpg]
[connectionpoint4u.com/css/media/transcript.jpg]
[connectionpoint4u.com/media/011716change.mp3.mp3]
[connectionpoint4u.com/_connectp/what-on-earth.html]
[connectionpoint4u.com/cms-assets/zoom-cropped-images/611462_26_e9135baf70.jpg]
[connectionpoint4u.com/what-on-earth.html]
[connectionpoint4u.com/media/013116change.mp3.mp3]
[connectionpoint4u.com/_connectp/media/020716stuck.mp3]
[connectionpoint4u.com/media/Pastor-Jeremiah_3-22-2015_final.mp3]
[connectionpoint4u.com/media/Pastor-Jeremiah_3-15-2015_final.mp3]
[connectionpoint4u.com/cms-assets/images/584611.notes.jpg]
[connectionpoint4u.com/media/Pastor-Jeremiah_3-1-2015_final.mp3]
[connectionpoint4u.com/missional_maddness.html]
[connectionpoint4u.com/_connectp/css/media/mediaelement-and-player.min.js]
[connectionpoint4u.com/cms-assets/images/925253.hhblarge2c05.jpg]
[connectionpoint4u.com/cms-assets/images/233764.mmlarge69a3.jpg]
[connectionpoint4u.com/media/Pastor-Jeremiah_2-8-2015_final.mp3]
[connectionpoint4u.com/media/Paul-Live-It_3-29-2015_final.mp3]
[connectionpoint4u.com/media/Pastor-Jeremiah_2-1-2015_final.mp3]
[connectionpoint4u.com/hbhb.html]
[connectionpoint4u.com/cms-assets/images/466471.insecuritylarge74dd.jpg]
[connectionpoint4u.com/media/Pastor-Jeremiah_1-25-2015_final.mp3]
[connectionpoint4u.com/media/Pastor-Jeremiah_1-18-2015_final.mp3]
[connectionpoint4u.com/media/Pastor-Jeremiah_1-11-2015_final.mp3]
[connectionpoint4u.com/insecurity.html]
[connectionpoint4u.com/cms-assets/images/726620.christmaslarge98d5.jpg]
[connectionpoint4u.com/media/CPC-12-28-2014_full-service_audio.mp3]
[connectionpoint4u.com/media/LOC_12-21-2014_final.mp3]
[connectionpoint4u.com/media/Pastor-Jeremiah_12-14-2014_final.mp3]
[connectionpoint4u.com/media/Pastor-Jeremiah_12-7-2014_final.mp3]
[connectionpoint4u.com/christmas-culture.html]
[connectionpoint4u.com/_connectp/cms-assets/images/314906.rememberlargef043.jpg]
[connectionpoint4u.com/media/Pastor-Brian_11-30-2014_final.mp3]
[connectionpoint4u.com/media/Pastor-Jeremiah_11-23-2014_final.mp3]
[connectionpoint4u.com/media/Pastor-Jeremiah_11-16-2014_final.mp3]
[connectionpoint4u.com/media/Pastor-Jeremiah_11-9-2014_final.mp3]
[connectionpoint4u.com/media/Leadership_11-3-2014_final.mp3]
[connectionpoint4u.com/remember-when.html]
[connectionpoint4u.com/_connectp/cms-assets/images/735573.itmlarge043a.jpg]
[connectionpoint4u.com/media/Pastor-Jeremiah_10-26-2014_final.mp3]
[connectionpoint4u.com/media/Pastor-Jeremiah_10-19-2014_final.mp3]
[connectionpoint4u.com/media/Pastor-Jeremiah_10-12-2014_final.mp3]
[connectionpoint4u.com/in-the-meantime.html]
[connectionpoint4u.com/_connectp/cms-assets/images/943322.milarge85ac.jpg]
[connectionpoint4u.com/media/Pastor-Jeremiah_9-28-14_final.mp3]
[connectionpoint4u.com/media/Tyler-Sields_9-21-2014_final.mp3]
[connectionpoint4u.com/media/Pastor-Jeremiah_9-14-2014_final.mp3]
[connectionpoint4u.com/media/Pastor-Jeremiah_9-7-14_final.mp3]
[connectionpoint4u.com/media/Pastor-Jeremiah_8-31-14_final.mp3]
[connectionpoint4u.com/mission-impossible.html]
[connectionpoint4u.com/_connectp/cms-assets/images/725836.soaplargeb16d.jpg]
[connectionpoint4u.com/media/Pastor-Jeremiah_8-24-2014_final.mp3]
[connectionpoint4u.com/media/Pastor-Jeremiah_8-17-2014_final.mp3]
[connectionpoint4u.com/media/Pastor-Daniel_8-10-14_final.mp3]
[connectionpoint4u.com/media/Pastor-Jeremiah_8-3-2014_final.mp3]
[connectionpoint4u.com/soap.html]
[connectionpoint4u.com/_connectp/cms-assets/images/464116.freedomlarge05db.jpg]
[connectionpoint4u.com/media/Pastor_Jeremiah_7-27-14_final.mp3]
[connectionpoint4u.com/media/Pastor-Jeremiah_7-13-14_final.mp3]
[connectionpoint4u.com/media/Pastor-Tyler-Shields_7-6-14_final.mp3]
[connectionpoint4u.com/freedom.html]
[connectionpoint4u.com/_connectp/cms-assets/images/230261.godisenough-largea4f0.jpg]
[connectionpoint4u.com/media/Pastor-Jermiah_6-29-14_final.mp3]
[connectionpoint4u.com/media/Pastor-Jeremiah_6-22-14_final.mp3]
[connectionpoint4u.com/media/Pastor-Jeremiah_6-15-14_final.mp3]
[connectionpoint4u.com/media/Pastor-Jeremiah_6-8-14_final.mp3]
[connectionpoint4u.com/media/Pastor-Jeremiah_6-1-14_final.mp3]
[connectionpoint4u.com/godis.html]
[connectionpoint4u.com/_connectp/cms-assets/images/988955.moneytalkslarge7eb1.jpg]
[connectionpoint4u.com/media/Pastor-Daniel_5-18-14_final.mp3]
[connectionpoint4u.com/media/Pastor-Jeremiah_5-11-14_final.mp3]
[connectionpoint4u.com/media/Pastor-Jeremiah_5-4-14_final.mp3]
[connectionpoint4u.com/media/4-27-14_Pastor-Jeremiah_final.mp3]
[connectionpoint4u.com/money_talks.html]
[connectionpoint4u.com/_connectp/cms-assets/images/941333.gods-not-deadlargef4e1.jpg]
[connectionpoint4u.com/media/Pastor-Jeremiah_4-19-2014_final.mp3]
[connectionpoint4u.com/gods-not-dead.html]
[connectionpoint4u.com/_connectp/cms-assets/images/709941.invitationlargede8f.jpg]
[connectionpoint4u.com/media/Pastor-Jeremiah_4-12-2014-final.mp3]
[connectionpoint4u.com/invitation.html]
[connectionpoint4u.com/_connectp/cms-assets/images/243901.life-hype-websitec839.jpg]
[connectionpoint4u.com/media/Amanda_Payne_4-6-14_final.mp3]
[connectionpoint4u.com/media/Pastor_Brian-3-30-14_final.mp3]
[connectionpoint4u.com/media/Pastor-Jeremiah_3-23-14-final.mp3]
[connectionpoint4u.com/media/Pastor-Tyler_3-16-14.mp3]
[connectionpoint4u.com/media/3-9-14-Daniel_Payne-final.mp3]
[connectionpoint4u.com/media/Pastor-Jeremiah_3-2-14.mp3]
[connectionpoint4u.com/life-hype.html]
[connectionpoint4u.com/_connectp/cms-assets/images/271127.broken-346x146a8b2.jpg]
[connectionpoint4u.com/media/Pastor-Jeremiah_2-23-14.mp3]
[connectionpoint4u.com/media/Pastor-Jeremiah_2-16-14.mp3]
[connectionpoint4u.com/media/Pastor-Jeremiah_2-9-14.mp3]
[connectionpoint4u.com/media/Pastor-Jeremiah_2-2-14.mp3]
[connectionpoint4u.com/media/Pastor-Jeremiah_1-26-14.mp3]
[connectionpoint4u.com/broken.html]
[connectionpoint4u.com/_connectp/cms-assets/images/26900.noresolutions2bcd.jpg]
[connectionpoint4u.com/media/Daniel-Payne_1-19-14.mp3]
[connectionpoint4u.com/media/Tyler-Shields_1-12-14.mp3]
[connectionpoint4u.com/media/Pastor-Jeremiah_1-5-14.mp3]
[connectionpoint4u.com/noresolutions.html]
[connectionpoint4u.com/_connectp/cms-assets/images/807299.webproof8ef3.jpg]
[connectionpoint4u.com/media/120813sermon.mp3]
[connectionpoint4u.com/proof.html]
[connectionpoint4u.com/_connectp/cms-assets/images/69177.connect6b21.jpg]
[connectionpoint4u.com/media/111013sermon.mp3]
[connectionpoint4u.com/media/111713sermon.mp3]
[connectionpoint4u.com/connect.html]
[connectionpoint4u.com/media/09132013.html]
[connectionpoint4u.com/_connectp/cms-assets/images/555627.leadersconnectlarge4864.jpg]
[connectionpoint4u.com/media/cpc_vision_final.mp3]
[connectionpoint4u.com/leadersconnectcenter.html]
[connectionpoint4u.com/_connectp/download414b.html]
[connectionpoint4u.com/_connectp/media/Paul-Live-It_3-29-2015_final.mp3]
[connectionpoint4u.com/_connectp/media/Pastor-Jeremiah_3-22-2015_final.mp3]
[connectionpoint4u.com/_connectp/media/Pastor-Jeremiah_3-15-2015_final.mp3]
[connectionpoint4u.com/_connectp/media/Pastor-Jeremiah_3-1-2015_final.mp3]
[connectionpoint4u.com/_connectp/missional_maddness.html]
[connectionpoint4u.com/_connectp/media/Pastor-Jeremiah_2-8-2015_final.mp3]
[connectionpoint4u.com/_connectp/media/Pastor-Jeremiah_2-1-2015_final.mp3]
[connectionpoint4u.com/_connectp/hbhb.html]
[connectionpoint4u.com/_connectp/media/Pastor-Jeremiah_1-25-2015_final.mp3]
[connectionpoint4u.com/_connectp/media/Pastor-Jeremiah_1-18-2015_final.mp3]
[connectionpoint4u.com/_connectp/media/Pastor-Jeremiah_1-11-2015_final.mp3]
[connectionpoint4u.com/_connectp/insecurity.html]
[connectionpoint4u.com/_connectp/media/CPC-12-28-2014_full-service_audio.mp3]
[connectionpoint4u.com/_connectp/media/LOC_12-21-2014_final.mp3]
[connectionpoint4u.com/_connectp/media/Pastor-Jeremiah_12-14-2014_final.mp3]
[connectionpoint4u.com/_connectp/media/Pastor-Jeremiah_12-7-2014_final.mp3]
[connectionpoint4u.com/_connectp/christmas-culture.html]
[connectionpoint4u.com/_connectp/media/Pastor-Brian_11-30-2014_final.mp3]
[connectionpoint4u.com/_connectp/media/Pastor-Jeremiah_11-23-2014_final.mp3]
[connectionpoint4u.com/_connectp/media/Pastor-Jeremiah_11-16-2014_final.mp3]
[connectionpoint4u.com/_connectp/media/Pastor-Jeremiah_11-9-2014_final.mp3]
[connectionpoint4u.com/_connectp/media/Leadership_11-3-2014_final.mp3]
[connectionpoint4u.com/_connectp/remember-when.html]
[connectionpoint4u.com/_connectp/media/Pastor-Jeremiah_10-26-2014_final.mp3]
[connectionpoint4u.com/_connectp/media/Pastor-Jeremiah_10-19-2014_final.mp3]
[connectionpoint4u.com/_connectp/media/Pastor-Jeremiah_10-12-2014_final.mp3]
[connectionpoint4u.com/_connectp/in-the-meantime.html]
[connectionpoint4u.com/_connectp/media/Pastor-Jeremiah_9-28-14_final.mp3]
[connectionpoint4u.com/_connectp/media/Tyler-Sields_9-21-2014_final.mp3]
[connectionpoint4u.com/_connectp/media/Pastor-Jeremiah_9-14-2014_final.mp3]
[connectionpoint4u.com/_connectp/media/Pastor-Jeremiah_9-7-14_final.mp3]
[connectionpoint4u.com/_connectp/media/Pastor-Jeremiah_8-31-14_final.mp3]
[connectionpoint4u.com/_connectp/mission-impossible.html]
[connectionpoint4u.com/_connectp/media/Pastor-Jeremiah_8-24-2014_final.mp3]
[connectionpoint4u.com/_connectp/media/Pastor-Jeremiah_8-17-2014_final.mp3]
[connectionpoint4u.com/_connectp/media/Pastor-Daniel_8-10-14_final.mp3]
[connectionpoint4u.com/_connectp/media/Pastor-Jeremiah_8-3-2014_final.mp3]
[connectionpoint4u.com/_connectp/soap.html]
[connectionpoint4u.com/_connectp/media/Pastor_Jeremiah_7-27-14_final.mp3]
[connectionpoint4u.com/_connectp/media/Pastor-Jeremiah_7-13-14_final.mp3]
[connectionpoint4u.com/_connectp/media/Pastor-Tyler-Shields_7-6-14_final.mp3]
[connectionpoint4u.com/_connectp/freedom.html]
[connectionpoint4u.com/_connectp/media/Pastor-Jermiah_6-29-14_final.mp3]
[connectionpoint4u.com/_connectp/media/Pastor-Jeremiah_6-22-14_final.mp3]
[connectionpoint4u.com/_connectp/media/Pastor-Jeremiah_6-15-14_final.mp3]
[connectionpoint4u.com/_connectp/media/Pastor-Jeremiah_6-8-14_final.mp3]
[connectionpoint4u.com/_connectp/media/Pastor-Jeremiah_6-1-14_final.mp3]
[connectionpoint4u.com/_connectp/godis.html]
[connectionpoint4u.com/_connectp/media/Pastor-Daniel_5-18-14_final.mp3]
[connectionpoint4u.com/_connectp/media/Pastor-Jeremiah_5-11-14_final.mp3]
[connectionpoint4u.com/_connectp/media/Pastor-Jeremiah_5-4-14_final.mp3]
[connectionpoint4u.com/_connectp/media/4-27-14_Pastor-Jeremiah_final.mp3]
[connectionpoint4u.com/_connectp/money_talks.html]
[connectionpoint4u.com/_connectp/media/Pastor-Jeremiah_4-19-2014_final.mp3]
[connectionpoint4u.com/_connectp/gods-not-dead.html]
[connectionpoint4u.com/_connectp/media/Pastor-Jeremiah_4-12-2014-final.mp3]
[connectionpoint4u.com/_connectp/invitation.html]
[connectionpoint4u.com/_connectp/media/Amanda_Payne_4-6-14_final.mp3]
[connectionpoint4u.com/_connectp/media/Pastor_Brian-3-30-14_final.mp3]
[connectionpoint4u.com/_connectp/media/Pastor-Jeremiah_3-23-14-final.mp3]
[connectionpoint4u.com/_connectp/media/Pastor-Tyler_3-16-14.mp3]
[connectionpoint4u.com/_connectp/media/3-9-14-Daniel_Payne-final.mp3]
[connectionpoint4u.com/_connectp/media/Pastor-Jeremiah_3-2-14.mp3]
[connectionpoint4u.com/_connectp/life-hype.html]
[connectionpoint4u.com/_connectp/media/Pastor-Jeremiah_2-23-14.mp3]
[connectionpoint4u.com/_connectp/media/Pastor-Jeremiah_2-16-14.mp3]
[connectionpoint4u.com/_connectp/media/Pastor-Jeremiah_2-9-14.mp3]
[connectionpoint4u.com/_connectp/media/Pastor-Jeremiah_2-2-14.mp3]
[connectionpoint4u.com/_connectp/media/Pastor-Jeremiah_1-26-14.mp3]
[connectionpoint4u.com/_connectp/broken.html]
[connectionpoint4u.com/_connectp/media/Daniel-Payne_1-19-14.mp3]
[connectionpoint4u.com/_connectp/media/Tyler-Shields_1-12-14.mp3]
[connectionpoint4u.com/_connectp/media/Pastor-Jeremiah_1-5-14.mp3]
[connectionpoint4u.com/_connectp/noresolutions.html]
[connectionpoint4u.com/_connectp/media/120813sermon.mp3]
[connectionpoint4u.com/_connectp/proof.html]
[connectionpoint4u.com/_connectp/media/111013sermon.mp3]
[connectionpoint4u.com/_connectp/media/111713sermon.mp3]
[connectionpoint4u.com/_connectp/connect.html]
[connectionpoint4u.com/_connectp/media/09132013.html]
[connectionpoint4u.com/_connectp/media/cpc_vision_final.mp3]
[connectionpoint4u.com/_connectp/leadersconnectcenter.html]
[connectionpoint4u.com/_connectp/media/makewar072317.html]
[connectionpoint4u.com/_connectp/media/ilovethe90s031917.html]
[connectionpoint4u.com/cms-assets/documents/253962.detox1.discuss.html]
[connectionpoint4u.com/_connectp/media/abraham061916.html]
[connectionpoint4u.com/download414b.html]
[connectionpoint4u.com/_connectp/cms-assets/images/69177.connectf603.jpg]
[connectionpoint4u.com/gameplan.html]
[connectionpoint4u.com/_connectp/gameplan.html]
[connectionpoint4u.com/media/110313sermon.html]
[connectionpoint4u.com/_connectp/media/110313sermon.html]
[connectionpoint4u.com/lifepoint/cms-assets/documents/41482-720986.margin---week-2-audio.html]
